Spine Launcher 4.2.00
Esoteric Software LLC (C) 2013-2019 | http://esotericsoftware.com
abr 04, 2026 8:41:10 P.M. java.util.prefs.WindowsPreferences <init>
WARNING: Could not open/create prefs root node Software\JavaSoft\Prefs at root 0x80000002. Windows RegCreateKeyEx(...) returned error code 5.
abr 04, 2026 8:41:11 P.M. java.util.prefs.WindowsPreferences WindowsRegOpenKey1
WARNING: Trying to recreate Windows registry node Software\JavaSoft\Prefs at root 0x80000002.
abr 04, 2026 8:41:11 P.M. java.util.prefs.WindowsPreferences openKey
WARNING: Could not open windows registry node Software\JavaSoft\Prefs at root 0x80000002. Windows RegOpenKey(...) returned error code 2.
abr 04, 2026 8:41:11 P.M. java.util.prefs.WindowsPreferences WindowsRegOpenKey1
WARNING: Trying to recreate Windows registry node Software\JavaSoft\Prefs\com at root 0x80000002.
abr 04, 2026 8:41:11 P.M. java.util.prefs.WindowsPreferences openKey
WARNING: Could not open windows registry node Software\JavaSoft\Prefs\com at root 0x80000002. Windows RegOpenKey(...) returned error code 2.
abr 04, 2026 8:41:11 P.M. java.util.prefs.WindowsPreferences WindowsRegOpenKey1
WARNING: Trying to recreate Windows registry node Software\JavaSoft\Prefs\com\esotericsoftware at root 0x80000002.
abr 04, 2026 8:41:11 P.M. java.util.prefs.WindowsPreferences openKey
WARNING: Could not open windows registry node Software\JavaSoft\Prefs\com\esotericsoftware at root 0x80000002. Windows RegOpenKey(...) returned error code 2.
abr 04, 2026 8:41:11 P.M. java.util.prefs.WindowsPreferences WindowsRegOpenKey1
WARNING: Trying to recreate Windows registry node Software\JavaSoft\Prefs\com\esotericsoftware\spine at root 0x80000002.
abr 04, 2026 8:41:11 P.M. java.util.prefs.WindowsPreferences openKey
WARNING: Could not open windows registry node Software\JavaSoft\Prefs\com\esotericsoftware\spine at root 0x80000002. Windows RegOpenKey(...) returned error code 2.
abr 04, 2026 8:41:11 P.M. java.util.prefs.WindowsPreferences WindowsRegOpenKey1
WARNING: Trying to recreate Windows registry node Software\JavaSoft\Prefs\com\esotericsoftware\spine\editor at root 0x80000002.
abr 04, 2026 8:41:11 P.M. java.util.prefs.WindowsPreferences openKey
WARNING: Could not open windows registry node Software\JavaSoft\Prefs\com\esotericsoftware\spine\editor at root 0x80000002. Windows RegOpenKey(...) returned error code 2.
abr 04, 2026 8:41:11 P.M. java.util.prefs.WindowsPreferences WindowsRegOpenKey1
WARNING: Trying to recreate Windows registry node Software\JavaSoft\Prefs\com\esotericsoftware\spine\editor\launcher at root 0x80000002.
abr 04, 2026 8:41:11 P.M. java.util.prefs.WindowsPreferences openKey
WARNING: Could not open windows registry node Software\JavaSoft\Prefs\com\esotericsoftware\spine\editor\launcher at root 0x80000002. Windows RegOpenKey(...) returned error code 2.
Windows 10 Enterprise x86 10.0
abr 04, 2026 8:41:11 P.M. java.util.prefs.WindowsPreferences WindowsRegOpenKey1
WARNING: Trying to recreate Windows registry node Software\JavaSoft\Prefs\com\esotericsoftware\spine\editor\launcher at root 0x80000002.
abr 04, 2026 8:41:11 P.M. java.util.prefs.WindowsPreferences openKey
WARNING: Could not open windows registry node Software\JavaSoft\Prefs\com\esotericsoftware\spine\editor\launcher at root 0x80000002. Windows RegOpenKey(...) returned error code 2.
WARNING: Unable to save shared data.
java.util.prefs.BackingStoreException: flush(): Backing store not available.
	at java.prefs/java.util.prefs.WindowsPreferences.flush(Unknown Source)
	at java.prefs/java.util.prefs.WindowsPreferences.sync(Unknown Source)
	at tzax.n.Z(SourceFile:191)
	at tzax.n.Z(SourceFile:146)
	at tzax.lPT7.run(SourceFile:1573)
	at java.desktop/java.awt.event.InvocationEvent.dispatch(Unknown Source)
	at java.desktop/java.awt.EventQueue.dispatchEventImpl(Unknown Source)
	at java.desktop/java.awt.EventQueue.access$600(Unknown Source)
	at java.desktop/java.awt.EventQueue$4.run(Unknown Source)
	at java.desktop/java.awt.EventQueue$4.run(Unknown Source)
	at java.base/java.security.AccessController.doPrivileged(Native Method)
	at java.base/java.security.ProtectionDomain$JavaSecurityAccessImpl.doIntersectionPrivilege(Unknown Source)
	at java.desktop/java.awt.EventQueue.dispatchEvent(Unknown Source)
	at java.desktop/java.awt.EventDispatchThread.pumpOneEventForFilters(Unknown Source)
	at java.desktop/java.awt.EventDispatchThread.pumpEventsForFilter(Unknown Source)
	at java.desktop/java.awt.EventDispatchThread.pumpEventsForHierarchy(Unknown Source)
	at java.desktop/java.awt.EventDispatchThread.pumpEvents(Unknown Source)
	at java.desktop/java.awt.EventDispatchThread.pumpEvents(Unknown Source)
	at java.desktop/java.awt.EventDispatchThread.run(Unknown Source)
Starting: Spine 3.8.75
Spine 3.8.75 Professional
Licensed to: basherone, zg60n@163.com
WARNING: Welcome data download failed, server error: 410
Intel, Intel(R) UHD Graphics, 4.6.0 - Build 30.0.100.9805
Started.
OpenAL 1.1, Default audio device
Packing.................................................
Writing 1825x1240: C:\Users\Santiago Romo\Downloads\JSON\skeleton.png
Skin has no attachments: [skin: derecha, skeleton: skeleton]
Skin has no attachments: [skin: espalda, skeleton: skeleton]
Skin has no attachments: [skin: frente, skeleton: skeleton]
Skin has no attachments: [skin: izquierda, skeleton: skeleton]
